
> portfolio@0.0.0 build
> vite build

[36mvite v6.1.1 [32mbuilding for production...[36m[39m
transforming...
[33mnode_modules/three-stdlib/libs/lottie.js (13062:32): Use of eval in "node_modules/three-stdlib/libs/lottie.js" is strongly discouraged as it poses security risks and may cause issues with minification.[39m
[32m✓[39m 1357 modules transformed.
[31mx[39m Build failed in 5.42s
[31merror during build:
[31msrc/sections/Footer.jsx (1:9): "mySocials" is not exported by "src/constants/index.js", imported by "src/sections/Footer.jsx".[31m
file: [36mC:/Users/gursi/Desktop/portfolio/Portfolio/src/sections/Footer.jsx:1:9[31m
[33m
1: import { mySocials } from "../constants";
            ^
2: 
3: const Footer = () => {
[31m
    at getRollupError (file:///C:/Users/gursi/Desktop/portfolio/Portfolio/node_modules/rollup/dist/es/shared/parseAst.js:397:41)
    at error (file:///C:/Users/gursi/Desktop/portfolio/Portfolio/node_modules/rollup/dist/es/shared/parseAst.js:393:42)
    at Module.error (file:///C:/Users/gursi/Desktop/portfolio/Portfolio/node_modules/rollup/dist/es/shared/node-entry.js:16603:16)
    at Module.traceVariable (file:///C:/Users/gursi/Desktop/portfolio/Portfolio/node_modules/rollup/dist/es/shared/node-entry.js:17052:29)
    at ModuleScope.findVariable (file:///C:/Users/gursi/Desktop/portfolio/Portfolio/node_modules/rollup/dist/es/shared/node-entry.js:14709:39)
    at ReturnValueScope.findVariable (file:///C:/Users/gursi/Desktop/portfolio/Portfolio/node_modules/rollup/dist/es/shared/node-entry.js:5582:38)
    at FunctionBodyScope.findVariable (file:///C:/Users/gursi/Desktop/portfolio/Portfolio/node_modules/rollup/dist/es/shared/node-entry.js:5582:38)
    at MemberExpression.bind (file:///C:/Users/gursi/Desktop/portfolio/Portfolio/node_modules/rollup/dist/es/shared/node-entry.js:7285:49)
    at CallExpression.bind (file:///C:/Users/gursi/Desktop/portfolio/Portfolio/node_modules/rollup/dist/es/shared/node-entry.js:2783:23)
    at CallExpression.bind (file:///C:/Users/gursi/Desktop/portfolio/Portfolio/node_modules/rollup/dist/es/shared/node-entry.js:11865:15)[39m
